2025-10-05 18:56:25,677 - root - INFO - Logging setup complete - Level: INFO
2025-10-05 18:56:25,693 - src.core.product_counting_system - INFO - Initializing Product Counting System...
2025-10-05 18:56:25,693 - src.core.product_counting_system - INFO - Starting System initialization
2025-10-05 18:56:25,693 - src.core.product_counting_system - INFO - Loading YOLO detector...
2025-10-05 18:56:25,693 - src.core.object_detector - INFO - Initiating YOLO detector: C:\Users\HP\Desktop\E-Vision-Projects\Merchandiser_Products_Counter\data\models\yolo_weights\yolov9.pt on cpu
2025-10-05 18:56:25,693 - src.core.object_detector - INFO - Starting Loading YOLO model C:\Users\HP\Desktop\E-Vision-Projects\Merchandiser_Products_Counter\data\models\yolo_weights\yolov9.pt
2025-10-05 18:56:26,028 - src.core.object_detector - INFO - Completed Loading YOLO model C:\Users\HP\Desktop\E-Vision-Projects\Merchandiser_Products_Counter\data\models\yolo_weights\yolov9.pt in 0.335s
2025-10-05 18:56:26,028 - src.core.object_detector - INFO - Loaded YOLO model successfully: {0: 'product'} classes
2025-10-05 18:56:26,028 - src.core.product_counting_system - INFO - Loading embedding extractor...
2025-10-05 18:56:26,028 - src.core.embedding_extractor - INFO - Initializing embedding extractor: facebook/dinov2-base with individual
2025-10-05 18:56:32,413 - src.core.embedding_extractor - INFO - Embedding model loaded: 768D embeddings
2025-10-05 18:56:32,413 - src.core.product_counting_system - INFO - Loading similarity matcher...
2025-10-05 18:56:32,413 - src.core.similarity_matcher - INFO - Initializing similarity matcher: IndexFlatIP for 768D embeddings
2025-10-05 18:56:32,416 - src.core.similarity_matcher - INFO - Created FAISS index: IndexFlatIP
2025-10-05 18:56:32,416 - src.core.product_counting_system - INFO - Initializing catalog manager...
2025-10-05 18:56:32,416 - src.core.catalog_manager - INFO - Initialized product catalog manager
2025-10-05 18:56:32,416 - src.core.product_counting_system - INFO - System initialization completed successfully
2025-10-05 18:56:32,416 - src.core.product_counting_system - INFO - Completed System initialization in 6.724s
2025-10-05 18:56:32,416 - src.core.product_counting_system - INFO - Starting Loading system state
2025-10-05 18:56:32,423 - src.core.catalog_manager - INFO - Loaded catalog from results\catalog.json: 21 products
2025-10-05 18:56:32,423 - src.core.similarity_matcher - INFO - Loaded index from results\similarity_index.fiass: 44 products
2025-10-05 18:56:32,427 - src.core.embedding_extractor - INFO - Loaded extractor state from results\extractor_state.pkl
2025-10-05 18:56:32,428 - src.core.product_counting_system - INFO - Completed Loading system state in 0.011s
2025-10-05 18:56:32,429 - src.core.product_counting_system - INFO - System state loaded from results
2025-10-05 19:11:01,795 - root - INFO - Logging setup complete - Level: INFO
2025-10-05 19:11:01,805 - src.core.product_counting_system - INFO - Initializing Product Counting System...
2025-10-05 19:11:01,806 - src.core.product_counting_system - INFO - Starting System initialization
2025-10-05 19:11:01,807 - src.core.product_counting_system - INFO - Loading YOLO detector...
2025-10-05 19:11:01,808 - src.core.object_detector - INFO - Initiating YOLO detector: C:\Users\HP\Desktop\E-Vision-Projects\Merchandiser_Products_Counter\data\models\yolo_weights\yolov9.pt on cpu
2025-10-05 19:11:01,810 - src.core.object_detector - INFO - Starting Loading YOLO model C:\Users\HP\Desktop\E-Vision-Projects\Merchandiser_Products_Counter\data\models\yolo_weights\yolov9.pt
2025-10-05 19:11:02,163 - src.core.object_detector - INFO - Completed Loading YOLO model C:\Users\HP\Desktop\E-Vision-Projects\Merchandiser_Products_Counter\data\models\yolo_weights\yolov9.pt in 0.353s
2025-10-05 19:11:02,163 - src.core.object_detector - INFO - Loaded YOLO model successfully: {0: 'product'} classes
2025-10-05 19:11:02,164 - src.core.product_counting_system - INFO - Loading embedding extractor...
2025-10-05 19:11:02,165 - src.core.embedding_extractor - INFO - Initializing embedding extractor: facebook/dinov2-base with individual
2025-10-05 19:11:08,463 - src.core.embedding_extractor - INFO - Embedding model loaded: 768D embeddings
2025-10-05 19:11:08,463 - src.core.product_counting_system - INFO - Loading similarity matcher...
2025-10-05 19:11:08,463 - src.core.similarity_matcher - INFO - Initializing similarity matcher: IndexFlatIP for 768D embeddings
2025-10-05 19:11:08,479 - src.core.similarity_matcher - INFO - Created FAISS index: IndexFlatIP
2025-10-05 19:11:08,480 - src.core.product_counting_system - INFO - Initializing catalog manager...
2025-10-05 19:11:08,480 - src.core.catalog_manager - INFO - Initialized product catalog manager
2025-10-05 19:11:08,481 - src.core.product_counting_system - INFO - System initialization completed successfully
2025-10-05 19:11:08,482 - src.core.product_counting_system - INFO - Completed System initialization in 6.676s
2025-10-05 19:11:08,483 - src.core.product_counting_system - INFO - Starting Loading system state
2025-10-05 19:11:08,485 - src.core.catalog_manager - INFO - Loaded catalog from results\catalog.json: 21 products
2025-10-05 19:11:08,487 - src.core.similarity_matcher - INFO - Loaded index from results\similarity_index.fiass: 44 products
2025-10-05 19:11:08,488 - src.core.embedding_extractor - INFO - Loaded extractor state from results\extractor_state.pkl
2025-10-05 19:11:08,489 - src.core.product_counting_system - INFO - Completed Loading system state in 0.007s
2025-10-05 19:11:08,490 - src.core.product_counting_system - INFO - System state loaded from results
2025-10-05 19:14:29,866 - root - INFO - Logging setup complete - Level: INFO
2025-10-05 19:14:29,866 - src.core.product_counting_system - INFO - Initializing Product Counting System...
2025-10-05 19:14:29,866 - src.core.product_counting_system - INFO - Starting System initialization
2025-10-05 19:14:29,866 - src.core.product_counting_system - INFO - Loading YOLO detector...
2025-10-05 19:14:29,866 - src.core.object_detector - INFO - Initiating YOLO detector: C:\Users\HP\Desktop\E-Vision-Projects\Merchandiser_Products_Counter\data\models\yolo_weights\yolov9.pt on cpu
2025-10-05 19:14:29,880 - src.core.object_detector - INFO - Starting Loading YOLO model C:\Users\HP\Desktop\E-Vision-Projects\Merchandiser_Products_Counter\data\models\yolo_weights\yolov9.pt
2025-10-05 19:14:30,217 - src.core.object_detector - INFO - Completed Loading YOLO model C:\Users\HP\Desktop\E-Vision-Projects\Merchandiser_Products_Counter\data\models\yolo_weights\yolov9.pt in 0.337s
2025-10-05 19:14:30,218 - src.core.object_detector - INFO - Loaded YOLO model successfully: {0: 'product'} classes
2025-10-05 19:14:30,219 - src.core.product_counting_system - INFO - Loading embedding extractor...
2025-10-05 19:14:30,220 - src.core.embedding_extractor - INFO - Initializing embedding extractor: facebook/dinov2-base with individual
2025-10-05 19:14:34,712 - src.core.embedding_extractor - INFO - Embedding model loaded: 768D embeddings
2025-10-05 19:14:34,712 - src.core.product_counting_system - INFO - Loading similarity matcher...
2025-10-05 19:14:34,712 - src.core.similarity_matcher - INFO - Initializing similarity matcher: IndexFlatIP for 768D embeddings
2025-10-05 19:14:34,712 - src.core.similarity_matcher - INFO - Created FAISS index: IndexFlatIP
2025-10-05 19:14:34,712 - src.core.product_counting_system - INFO - Initializing catalog manager...
2025-10-05 19:14:34,712 - src.core.catalog_manager - INFO - Initialized product catalog manager
2025-10-05 19:14:34,712 - src.core.product_counting_system - INFO - System initialization completed successfully
2025-10-05 19:14:34,712 - src.core.product_counting_system - INFO - Completed System initialization in 4.846s
2025-10-05 19:14:34,712 - src.core.product_counting_system - INFO - Starting Loading system state
2025-10-05 19:14:34,712 - src.core.catalog_manager - INFO - Loaded catalog from results\catalog.json: 21 products
2025-10-05 19:14:34,712 - src.core.similarity_matcher - INFO - Loaded index from results\similarity_index.fiass: 44 products
2025-10-05 19:14:34,712 - src.core.embedding_extractor - INFO - Loaded extractor state from results\extractor_state.pkl
2025-10-05 19:14:34,712 - src.core.product_counting_system - INFO - Completed Loading system state in 0.000s
2025-10-05 19:14:34,712 - src.core.product_counting_system - INFO - System state loaded from results
2025-10-05 19:14:50,214 - root - INFO - Logging setup complete - Level: INFO
2025-10-05 19:14:50,222 - src.core.product_counting_system - INFO - Initializing Product Counting System...
2025-10-05 19:14:50,223 - src.core.product_counting_system - INFO - Starting System initialization
2025-10-05 19:14:50,223 - src.core.product_counting_system - INFO - Loading YOLO detector...
2025-10-05 19:14:50,224 - src.core.object_detector - INFO - Initiating YOLO detector: C:\Users\HP\Desktop\E-Vision-Projects\Merchandiser_Products_Counter\data\models\yolo_weights\yolov9.pt on cpu
2025-10-05 19:14:50,225 - src.core.object_detector - INFO - Starting Loading YOLO model C:\Users\HP\Desktop\E-Vision-Projects\Merchandiser_Products_Counter\data\models\yolo_weights\yolov9.pt
2025-10-05 19:14:50,540 - src.core.object_detector - INFO - Completed Loading YOLO model C:\Users\HP\Desktop\E-Vision-Projects\Merchandiser_Products_Counter\data\models\yolo_weights\yolov9.pt in 0.314s
2025-10-05 19:14:50,540 - src.core.object_detector - INFO - Loaded YOLO model successfully: {0: 'product'} classes
2025-10-05 19:14:50,540 - src.core.product_counting_system - INFO - Loading embedding extractor...
2025-10-05 19:14:50,540 - src.core.embedding_extractor - INFO - Initializing embedding extractor: facebook/dinov2-base with individual
2025-10-05 19:14:56,342 - src.core.embedding_extractor - INFO - Embedding model loaded: 768D embeddings
2025-10-05 19:14:56,343 - src.core.product_counting_system - INFO - Loading similarity matcher...
2025-10-05 19:14:56,344 - src.core.similarity_matcher - INFO - Initializing similarity matcher: IndexFlatIP for 768D embeddings
2025-10-05 19:14:56,345 - src.core.similarity_matcher - INFO - Created FAISS index: IndexFlatIP
2025-10-05 19:14:56,346 - src.core.product_counting_system - INFO - Initializing catalog manager...
2025-10-05 19:14:56,347 - src.core.catalog_manager - INFO - Initialized product catalog manager
2025-10-05 19:14:56,347 - src.core.product_counting_system - INFO - System initialization completed successfully
2025-10-05 19:14:56,347 - src.core.product_counting_system - INFO - Completed System initialization in 6.124s
2025-10-05 19:14:56,348 - src.core.product_counting_system - INFO - Starting Loading system state
2025-10-05 19:14:56,352 - src.core.catalog_manager - INFO - Loaded catalog from results\catalog.json: 21 products
2025-10-05 19:14:56,353 - src.core.similarity_matcher - INFO - Loaded index from results\similarity_index.fiass: 44 products
2025-10-05 19:14:56,355 - src.core.embedding_extractor - INFO - Loaded extractor state from results\extractor_state.pkl
2025-10-05 19:14:56,356 - src.core.product_counting_system - INFO - Completed Loading system state in 0.008s
2025-10-05 19:14:56,357 - src.core.product_counting_system - INFO - System state loaded from results
2025-10-05 19:21:51,737 - root - INFO - Logging setup complete - Level: INFO
2025-10-05 19:21:51,739 - src.core.product_counting_system - INFO - Initializing Product Counting System...
2025-10-05 19:21:51,739 - src.core.product_counting_system - INFO - Starting System initialization
2025-10-05 19:21:51,739 - src.core.product_counting_system - INFO - Loading YOLO detector...
2025-10-05 19:21:51,739 - src.core.object_detector - INFO - Initiating YOLO detector: C:\Users\HP\Desktop\E-Vision-Projects\Merchandiser_Products_Counter\data\models\yolo_weights\yolov9.pt on cpu
2025-10-05 19:21:51,739 - src.core.object_detector - INFO - Starting Loading YOLO model C:\Users\HP\Desktop\E-Vision-Projects\Merchandiser_Products_Counter\data\models\yolo_weights\yolov9.pt
2025-10-05 19:21:52,017 - src.core.object_detector - INFO - Completed Loading YOLO model C:\Users\HP\Desktop\E-Vision-Projects\Merchandiser_Products_Counter\data\models\yolo_weights\yolov9.pt in 0.278s
2025-10-05 19:21:52,018 - src.core.object_detector - INFO - Loaded YOLO model successfully: {0: 'product'} classes
2025-10-05 19:21:52,019 - src.core.product_counting_system - INFO - Loading embedding extractor...
2025-10-05 19:21:52,020 - src.core.embedding_extractor - INFO - Initializing embedding extractor: facebook/dinov2-base with individual
2025-10-05 19:21:57,612 - src.core.embedding_extractor - INFO - Embedding model loaded: 768D embeddings
2025-10-05 19:21:57,613 - src.core.product_counting_system - INFO - Loading similarity matcher...
2025-10-05 19:21:57,614 - src.core.similarity_matcher - INFO - Initializing similarity matcher: IndexFlatIP for 768D embeddings
2025-10-05 19:21:57,615 - src.core.similarity_matcher - INFO - Created FAISS index: IndexFlatIP
2025-10-05 19:21:57,615 - src.core.product_counting_system - INFO - Initializing catalog manager...
2025-10-05 19:21:57,615 - src.core.catalog_manager - INFO - Initialized product catalog manager
2025-10-05 19:21:57,615 - src.core.product_counting_system - INFO - System initialization completed successfully
2025-10-05 19:21:57,616 - src.core.product_counting_system - INFO - Completed System initialization in 5.877s
2025-10-05 19:21:57,617 - src.core.product_counting_system - INFO - Starting Loading system state
2025-10-05 19:21:57,620 - src.core.catalog_manager - INFO - Loaded catalog from results\catalog.json: 21 products
2025-10-05 19:21:57,622 - src.core.similarity_matcher - INFO - Loaded index from results\similarity_index.fiass: 44 products
2025-10-05 19:21:57,623 - src.core.embedding_extractor - INFO - Loaded extractor state from results\extractor_state.pkl
2025-10-05 19:21:57,624 - src.core.product_counting_system - INFO - Completed Loading system state in 0.007s
2025-10-05 19:21:57,625 - src.core.product_counting_system - INFO - System state loaded from results
2025-10-05 19:47:25,819 - root - INFO - Logging setup complete - Level: INFO
2025-10-05 19:47:25,834 - src.core.product_counting_system - INFO - Initializing Product Counting System...
2025-10-05 19:47:25,834 - src.core.product_counting_system - INFO - Starting System initialization
2025-10-05 19:47:25,834 - src.core.product_counting_system - INFO - Loading YOLO detector...
2025-10-05 19:47:25,841 - src.core.object_detector - INFO - Initiating YOLO detector: C:\Users\HP\Desktop\E-Vision-Projects\Merchandiser_Products_Counter\data\models\yolo_weights\yolov9.pt on cpu
2025-10-05 19:47:25,842 - src.core.object_detector - INFO - Starting Loading YOLO model C:\Users\HP\Desktop\E-Vision-Projects\Merchandiser_Products_Counter\data\models\yolo_weights\yolov9.pt
2025-10-05 19:47:26,179 - src.core.object_detector - INFO - Completed Loading YOLO model C:\Users\HP\Desktop\E-Vision-Projects\Merchandiser_Products_Counter\data\models\yolo_weights\yolov9.pt in 0.337s
2025-10-05 19:47:26,179 - src.core.object_detector - INFO - Loaded YOLO model successfully: {0: 'product'} classes
2025-10-05 19:47:26,179 - src.core.product_counting_system - INFO - Loading embedding extractor...
2025-10-05 19:47:26,179 - src.core.embedding_extractor - INFO - Initializing embedding extractor: facebook/dinov2-base with individual
2025-10-05 19:47:32,674 - src.core.embedding_extractor - INFO - Embedding model loaded: 768D embeddings
2025-10-05 19:47:32,676 - src.core.product_counting_system - INFO - Loading similarity matcher...
2025-10-05 19:47:32,676 - src.core.similarity_matcher - INFO - Initializing similarity matcher: IndexFlatIP for 768D embeddings
2025-10-05 19:47:32,678 - src.core.similarity_matcher - INFO - Created FAISS index: IndexFlatIP
2025-10-05 19:47:32,679 - src.core.product_counting_system - INFO - Initializing catalog manager...
2025-10-05 19:47:32,680 - src.core.catalog_manager - INFO - Initialized product catalog manager
2025-10-05 19:47:32,682 - src.core.product_counting_system - INFO - System initialization completed successfully
2025-10-05 19:47:32,683 - src.core.product_counting_system - INFO - Completed System initialization in 6.849s
2025-10-05 19:47:32,684 - src.core.product_counting_system - INFO - Starting Loading system state
2025-10-05 19:47:32,724 - src.core.catalog_manager - INFO - Loaded catalog from results\catalog.json: 22 products
2025-10-05 19:47:32,762 - src.core.similarity_matcher - INFO - Loaded index from results\similarity_index.fiass: 45 products
2025-10-05 19:47:32,782 - src.core.embedding_extractor - INFO - Loaded extractor state from results\extractor_state.pkl
2025-10-05 19:47:32,782 - src.core.product_counting_system - INFO - Completed Loading system state in 0.099s
2025-10-05 19:47:32,784 - src.core.product_counting_system - INFO - System state loaded from results
2025-10-05 19:48:31,768 - root - INFO - Logging setup complete - Level: INFO
2025-10-05 19:48:31,784 - src.core.product_counting_system - INFO - Initializing Product Counting System...
2025-10-05 19:48:31,784 - src.core.product_counting_system - INFO - Starting System initialization
2025-10-05 19:48:31,784 - src.core.product_counting_system - INFO - Loading YOLO detector...
2025-10-05 19:48:31,784 - src.core.object_detector - INFO - Initiating YOLO detector: C:\Users\HP\Desktop\E-Vision-Projects\Merchandiser_Products_Counter\data\models\yolo_weights\yolov9.pt on cpu
2025-10-05 19:48:31,784 - src.core.object_detector - INFO - Starting Loading YOLO model C:\Users\HP\Desktop\E-Vision-Projects\Merchandiser_Products_Counter\data\models\yolo_weights\yolov9.pt
2025-10-05 19:48:32,119 - src.core.object_detector - INFO - Completed Loading YOLO model C:\Users\HP\Desktop\E-Vision-Projects\Merchandiser_Products_Counter\data\models\yolo_weights\yolov9.pt in 0.336s
2025-10-05 19:48:32,135 - src.core.object_detector - INFO - Loaded YOLO model successfully: {0: 'product'} classes
2025-10-05 19:48:32,135 - src.core.product_counting_system - INFO - Loading embedding extractor...
2025-10-05 19:48:32,135 - src.core.embedding_extractor - INFO - Initializing embedding extractor: facebook/dinov2-base with individual
2025-10-05 19:48:38,898 - src.core.embedding_extractor - INFO - Embedding model loaded: 768D embeddings
2025-10-05 19:48:38,898 - src.core.product_counting_system - INFO - Loading similarity matcher...
2025-10-05 19:48:38,898 - src.core.similarity_matcher - INFO - Initializing similarity matcher: IndexFlatIP for 768D embeddings
2025-10-05 19:48:38,898 - src.core.similarity_matcher - INFO - Created FAISS index: IndexFlatIP
2025-10-05 19:48:38,914 - src.core.product_counting_system - INFO - Initializing catalog manager...
2025-10-05 19:48:38,914 - src.core.catalog_manager - INFO - Initialized product catalog manager
2025-10-05 19:48:38,914 - src.core.product_counting_system - INFO - System initialization completed successfully
2025-10-05 19:48:38,914 - src.core.product_counting_system - INFO - Completed System initialization in 7.130s
2025-10-05 19:48:38,914 - src.core.product_counting_system - INFO - Starting Loading system state
2025-10-05 19:48:38,914 - src.core.catalog_manager - INFO - Loaded catalog from results\catalog.json: 22 products
2025-10-05 19:48:38,914 - src.core.similarity_matcher - INFO - Loaded index from results\similarity_index.fiass: 45 products
2025-10-05 19:48:38,914 - src.core.embedding_extractor - INFO - Loaded extractor state from results\extractor_state.pkl
2025-10-05 19:48:38,914 - src.core.product_counting_system - INFO - Completed Loading system state in 0.000s
2025-10-05 19:48:38,914 - src.core.product_counting_system - INFO - System state loaded from results
2025-10-05 19:49:59,780 - root - INFO - Logging setup complete - Level: INFO
2025-10-05 19:49:59,784 - src.core.product_counting_system - INFO - Initializing Product Counting System...
2025-10-05 19:49:59,784 - src.core.product_counting_system - INFO - Starting System initialization
2025-10-05 19:49:59,784 - src.core.product_counting_system - INFO - Loading YOLO detector...
2025-10-05 19:49:59,784 - src.core.object_detector - INFO - Initiating YOLO detector: C:\Users\HP\Desktop\E-Vision-Projects\Merchandiser_Products_Counter\data\models\yolo_weights\yolov9.pt on cpu
2025-10-05 19:49:59,784 - src.core.object_detector - INFO - Starting Loading YOLO model C:\Users\HP\Desktop\E-Vision-Projects\Merchandiser_Products_Counter\data\models\yolo_weights\yolov9.pt
2025-10-05 19:50:00,117 - src.core.object_detector - INFO - Completed Loading YOLO model C:\Users\HP\Desktop\E-Vision-Projects\Merchandiser_Products_Counter\data\models\yolo_weights\yolov9.pt in 0.334s
2025-10-05 19:50:00,118 - src.core.object_detector - INFO - Loaded YOLO model successfully: {0: 'product'} classes
2025-10-05 19:50:00,119 - src.core.product_counting_system - INFO - Loading embedding extractor...
2025-10-05 19:50:00,120 - src.core.embedding_extractor - INFO - Initializing embedding extractor: facebook/dinov2-base with individual
2025-10-05 19:50:06,591 - src.core.embedding_extractor - INFO - Embedding model loaded: 768D embeddings
2025-10-05 19:50:06,591 - src.core.product_counting_system - INFO - Loading similarity matcher...
2025-10-05 19:50:06,591 - src.core.similarity_matcher - INFO - Initializing similarity matcher: IndexFlatIP for 768D embeddings
2025-10-05 19:50:06,591 - src.core.similarity_matcher - INFO - Created FAISS index: IndexFlatIP
2025-10-05 19:50:06,591 - src.core.product_counting_system - INFO - Initializing catalog manager...
2025-10-05 19:50:06,591 - src.core.catalog_manager - INFO - Initialized product catalog manager
2025-10-05 19:50:06,591 - src.core.product_counting_system - INFO - System initialization completed successfully
2025-10-05 19:50:06,591 - src.core.product_counting_system - INFO - Completed System initialization in 6.807s
2025-10-05 19:50:06,591 - src.core.product_counting_system - INFO - Starting Loading system state
2025-10-05 19:50:06,591 - src.core.catalog_manager - INFO - Loaded catalog from results\catalog.json: 22 products
2025-10-05 19:50:06,591 - src.core.similarity_matcher - INFO - Loaded index from results\similarity_index.fiass: 45 products
2025-10-05 19:50:06,604 - src.core.embedding_extractor - INFO - Loaded extractor state from results\extractor_state.pkl
2025-10-05 19:50:06,605 - src.core.product_counting_system - INFO - Completed Loading system state in 0.015s
2025-10-05 19:50:06,605 - src.core.product_counting_system - INFO - System state loaded from results
2025-10-05 19:52:16,827 - root - INFO - Logging setup complete - Level: INFO
2025-10-05 19:52:16,827 - src.core.product_counting_system - INFO - Initializing Product Counting System...
2025-10-05 19:52:16,827 - src.core.product_counting_system - INFO - Starting System initialization
2025-10-05 19:52:16,827 - src.core.product_counting_system - INFO - Loading YOLO detector...
2025-10-05 19:52:16,827 - src.core.object_detector - INFO - Initiating YOLO detector: C:\Users\HP\Desktop\E-Vision-Projects\Merchandiser_Products_Counter\data\models\yolo_weights\yolov9.pt on cpu
2025-10-05 19:52:16,843 - src.core.object_detector - INFO - Starting Loading YOLO model C:\Users\HP\Desktop\E-Vision-Projects\Merchandiser_Products_Counter\data\models\yolo_weights\yolov9.pt
2025-10-05 19:52:17,129 - src.core.object_detector - INFO - Completed Loading YOLO model C:\Users\HP\Desktop\E-Vision-Projects\Merchandiser_Products_Counter\data\models\yolo_weights\yolov9.pt in 0.286s
2025-10-05 19:52:17,129 - src.core.object_detector - INFO - Loaded YOLO model successfully: {0: 'product'} classes
2025-10-05 19:52:17,141 - src.core.product_counting_system - INFO - Loading embedding extractor...
2025-10-05 19:52:17,141 - src.core.embedding_extractor - INFO - Initializing embedding extractor: facebook/dinov2-base with individual
2025-10-05 19:52:23,568 - src.core.embedding_extractor - INFO - Embedding model loaded: 768D embeddings
2025-10-05 19:52:23,568 - src.core.product_counting_system - INFO - Loading similarity matcher...
2025-10-05 19:52:23,568 - src.core.similarity_matcher - INFO - Initializing similarity matcher: IndexFlatIP for 768D embeddings
2025-10-05 19:52:23,568 - src.core.similarity_matcher - INFO - Created FAISS index: IndexFlatIP
2025-10-05 19:52:23,568 - src.core.product_counting_system - INFO - Initializing catalog manager...
2025-10-05 19:52:23,568 - src.core.catalog_manager - INFO - Initialized product catalog manager
2025-10-05 19:52:23,568 - src.core.product_counting_system - INFO - System initialization completed successfully
2025-10-05 19:52:23,568 - src.core.product_counting_system - INFO - Completed System initialization in 6.741s
2025-10-05 19:52:23,568 - src.core.product_counting_system - INFO - Starting Loading system state
2025-10-05 19:52:23,568 - src.core.catalog_manager - INFO - Loaded catalog from results\catalog.json: 22 products
2025-10-05 19:52:23,568 - src.core.similarity_matcher - INFO - Loaded index from results\similarity_index.fiass: 45 products
2025-10-05 19:52:23,583 - src.core.embedding_extractor - INFO - Loaded extractor state from results\extractor_state.pkl
2025-10-05 19:52:23,583 - src.core.product_counting_system - INFO - Completed Loading system state in 0.015s
2025-10-05 19:52:23,583 - src.core.product_counting_system - INFO - System state loaded from results
2025-10-05 19:55:25,874 - root - INFO - Logging setup complete - Level: INFO
2025-10-05 19:55:25,881 - src.core.product_counting_system - INFO - Initializing Product Counting System...
2025-10-05 19:55:25,881 - src.core.product_counting_system - INFO - Starting System initialization
2025-10-05 19:55:25,881 - src.core.product_counting_system - INFO - Loading YOLO detector...
2025-10-05 19:55:25,887 - src.core.object_detector - INFO - Initiating YOLO detector: C:\Users\HP\Desktop\E-Vision-Projects\Merchandiser_Products_Counter\data\models\yolo_weights\yolov9.pt on cpu
2025-10-05 19:55:25,889 - src.core.object_detector - INFO - Starting Loading YOLO model C:\Users\HP\Desktop\E-Vision-Projects\Merchandiser_Products_Counter\data\models\yolo_weights\yolov9.pt
2025-10-05 19:55:26,256 - src.core.object_detector - INFO - Completed Loading YOLO model C:\Users\HP\Desktop\E-Vision-Projects\Merchandiser_Products_Counter\data\models\yolo_weights\yolov9.pt in 0.367s
2025-10-05 19:55:26,256 - src.core.object_detector - INFO - Loaded YOLO model successfully: {0: 'product'} classes
2025-10-05 19:55:26,256 - src.core.product_counting_system - INFO - Loading embedding extractor...
2025-10-05 19:55:26,256 - src.core.embedding_extractor - INFO - Initializing embedding extractor: facebook/dinov2-base with individual
2025-10-05 19:55:30,706 - src.core.embedding_extractor - INFO - Embedding model loaded: 768D embeddings
2025-10-05 19:55:30,706 - src.core.product_counting_system - INFO - Loading similarity matcher...
2025-10-05 19:55:30,706 - src.core.similarity_matcher - INFO - Initializing similarity matcher: IndexFlatIP for 768D embeddings
2025-10-05 19:55:30,706 - src.core.similarity_matcher - INFO - Created FAISS index: IndexFlatIP
2025-10-05 19:55:30,706 - src.core.product_counting_system - INFO - Initializing catalog manager...
2025-10-05 19:55:30,706 - src.core.catalog_manager - INFO - Initialized product catalog manager
2025-10-05 19:55:30,706 - src.core.product_counting_system - INFO - System initialization completed successfully
2025-10-05 19:55:30,706 - src.core.product_counting_system - INFO - Completed System initialization in 4.824s
2025-10-05 19:55:30,719 - src.core.product_counting_system - INFO - Starting Loading system state
2025-10-05 19:55:30,751 - src.core.catalog_manager - INFO - Loaded catalog from results\catalog.json: 23 products
2025-10-05 19:55:30,781 - src.core.similarity_matcher - INFO - Loaded index from results\similarity_index.fiass: 46 products
2025-10-05 19:55:30,796 - src.core.embedding_extractor - INFO - Loaded extractor state from results\extractor_state.pkl
2025-10-05 19:55:30,797 - src.core.product_counting_system - INFO - Completed Loading system state in 0.078s
2025-10-05 19:55:30,798 - src.core.product_counting_system - INFO - System state loaded from results
2025-10-05 19:55:46,820 - root - INFO - Logging setup complete - Level: INFO
2025-10-05 19:55:46,830 - src.core.product_counting_system - INFO - Initializing Product Counting System...
2025-10-05 19:55:46,831 - src.core.product_counting_system - INFO - Starting System initialization
2025-10-05 19:55:46,831 - src.core.product_counting_system - INFO - Loading YOLO detector...
2025-10-05 19:55:46,833 - src.core.object_detector - INFO - Initiating YOLO detector: C:\Users\HP\Desktop\E-Vision-Projects\Merchandiser_Products_Counter\data\models\yolo_weights\yolov9.pt on cpu
2025-10-05 19:55:46,834 - src.core.object_detector - INFO - Starting Loading YOLO model C:\Users\HP\Desktop\E-Vision-Projects\Merchandiser_Products_Counter\data\models\yolo_weights\yolov9.pt
2025-10-05 19:55:47,171 - src.core.object_detector - INFO - Completed Loading YOLO model C:\Users\HP\Desktop\E-Vision-Projects\Merchandiser_Products_Counter\data\models\yolo_weights\yolov9.pt in 0.337s
2025-10-05 19:55:47,173 - src.core.object_detector - INFO - Loaded YOLO model successfully: {0: 'product'} classes
2025-10-05 19:55:47,174 - src.core.product_counting_system - INFO - Loading embedding extractor...
2025-10-05 19:55:47,175 - src.core.embedding_extractor - INFO - Initializing embedding extractor: facebook/dinov2-base with individual
2025-10-05 19:55:53,368 - src.core.embedding_extractor - INFO - Embedding model loaded: 768D embeddings
2025-10-05 19:55:53,368 - src.core.product_counting_system - INFO - Loading similarity matcher...
2025-10-05 19:55:53,368 - src.core.similarity_matcher - INFO - Initializing similarity matcher: IndexFlatIP for 768D embeddings
2025-10-05 19:55:53,368 - src.core.similarity_matcher - INFO - Created FAISS index: IndexFlatIP
2025-10-05 19:55:53,368 - src.core.product_counting_system - INFO - Initializing catalog manager...
2025-10-05 19:55:53,368 - src.core.catalog_manager - INFO - Initialized product catalog manager
2025-10-05 19:55:53,368 - src.core.product_counting_system - INFO - System initialization completed successfully
2025-10-05 19:55:53,384 - src.core.product_counting_system - INFO - Completed System initialization in 6.552s
2025-10-05 19:55:53,384 - src.core.product_counting_system - INFO - Starting Loading system state
2025-10-05 19:55:53,384 - src.core.catalog_manager - INFO - Loaded catalog from results\catalog.json: 23 products
2025-10-05 19:55:53,384 - src.core.similarity_matcher - INFO - Loaded index from results\similarity_index.fiass: 46 products
2025-10-05 19:55:53,384 - src.core.embedding_extractor - INFO - Loaded extractor state from results\extractor_state.pkl
2025-10-05 19:55:53,384 - src.core.product_counting_system - INFO - Completed Loading system state in 0.000s
2025-10-05 19:55:53,384 - src.core.product_counting_system - INFO - System state loaded from results
2025-10-05 19:56:59,330 - root - INFO - Logging setup complete - Level: INFO
2025-10-05 19:56:59,339 - src.core.product_counting_system - INFO - Initializing Product Counting System...
2025-10-05 19:56:59,342 - src.core.product_counting_system - INFO - Starting System initialization
2025-10-05 19:56:59,342 - src.core.product_counting_system - INFO - Loading YOLO detector...
2025-10-05 19:56:59,344 - src.core.object_detector - INFO - Initiating YOLO detector: C:\Users\HP\Desktop\E-Vision-Projects\Merchandiser_Products_Counter\data\models\yolo_weights\yolov9.pt on cpu
2025-10-05 19:56:59,345 - src.core.object_detector - INFO - Starting Loading YOLO model C:\Users\HP\Desktop\E-Vision-Projects\Merchandiser_Products_Counter\data\models\yolo_weights\yolov9.pt
2025-10-05 19:56:59,678 - src.core.object_detector - INFO - Completed Loading YOLO model C:\Users\HP\Desktop\E-Vision-Projects\Merchandiser_Products_Counter\data\models\yolo_weights\yolov9.pt in 0.334s
2025-10-05 19:56:59,678 - src.core.object_detector - INFO - Loaded YOLO model successfully: {0: 'product'} classes
2025-10-05 19:56:59,678 - src.core.product_counting_system - INFO - Loading embedding extractor...
2025-10-05 19:56:59,693 - src.core.embedding_extractor - INFO - Initializing embedding extractor: facebook/dinov2-base with individual
2025-10-05 19:57:06,140 - src.core.embedding_extractor - INFO - Embedding model loaded: 768D embeddings
2025-10-05 19:57:06,140 - src.core.product_counting_system - INFO - Loading similarity matcher...
2025-10-05 19:57:06,140 - src.core.similarity_matcher - INFO - Initializing similarity matcher: IndexFlatIP for 768D embeddings
2025-10-05 19:57:06,156 - src.core.similarity_matcher - INFO - Created FAISS index: IndexFlatIP
2025-10-05 19:57:06,156 - src.core.product_counting_system - INFO - Initializing catalog manager...
2025-10-05 19:57:06,156 - src.core.catalog_manager - INFO - Initialized product catalog manager
2025-10-05 19:57:06,156 - src.core.product_counting_system - INFO - System initialization completed successfully
2025-10-05 19:57:06,156 - src.core.product_counting_system - INFO - Completed System initialization in 6.814s
2025-10-05 19:57:06,156 - src.core.product_counting_system - INFO - Starting Loading system state
2025-10-05 19:57:06,156 - src.core.catalog_manager - INFO - Loaded catalog from results\catalog.json: 23 products
2025-10-05 19:57:06,156 - src.core.similarity_matcher - INFO - Loaded index from results\similarity_index.fiass: 46 products
2025-10-05 19:57:06,156 - src.core.embedding_extractor - INFO - Loaded extractor state from results\extractor_state.pkl
2025-10-05 19:57:06,156 - src.core.product_counting_system - INFO - Completed Loading system state in 0.000s
2025-10-05 19:57:06,172 - src.core.product_counting_system - INFO - System state loaded from results
2025-10-05 19:57:53,340 - root - INFO - Logging setup complete - Level: INFO
2025-10-05 19:57:53,340 - src.core.product_counting_system - INFO - Initializing Product Counting System...
2025-10-05 19:57:53,340 - src.core.product_counting_system - INFO - Starting System initialization
2025-10-05 19:57:53,340 - src.core.product_counting_system - INFO - Loading YOLO detector...
2025-10-05 19:57:53,356 - src.core.object_detector - INFO - Initiating YOLO detector: C:\Users\HP\Desktop\E-Vision-Projects\Merchandiser_Products_Counter\data\models\yolo_weights\yolov9.pt on cpu
2025-10-05 19:57:53,356 - src.core.object_detector - INFO - Starting Loading YOLO model C:\Users\HP\Desktop\E-Vision-Projects\Merchandiser_Products_Counter\data\models\yolo_weights\yolov9.pt
2025-10-05 19:57:53,689 - src.core.object_detector - INFO - Completed Loading YOLO model C:\Users\HP\Desktop\E-Vision-Projects\Merchandiser_Products_Counter\data\models\yolo_weights\yolov9.pt in 0.333s
2025-10-05 19:57:53,689 - src.core.object_detector - INFO - Loaded YOLO model successfully: {0: 'product'} classes
2025-10-05 19:57:53,689 - src.core.product_counting_system - INFO - Loading embedding extractor...
2025-10-05 19:57:53,689 - src.core.embedding_extractor - INFO - Initializing embedding extractor: facebook/dinov2-base with individual
2025-10-05 19:58:00,234 - src.core.embedding_extractor - INFO - Embedding model loaded: 768D embeddings
2025-10-05 19:58:00,234 - src.core.product_counting_system - INFO - Loading similarity matcher...
2025-10-05 19:58:00,234 - src.core.similarity_matcher - INFO - Initializing similarity matcher: IndexFlatIP for 768D embeddings
2025-10-05 19:58:00,234 - src.core.similarity_matcher - INFO - Created FAISS index: IndexFlatIP
2025-10-05 19:58:00,240 - src.core.product_counting_system - INFO - Initializing catalog manager...
2025-10-05 19:58:00,240 - src.core.catalog_manager - INFO - Initialized product catalog manager
2025-10-05 19:58:00,240 - src.core.product_counting_system - INFO - System initialization completed successfully
2025-10-05 19:58:00,240 - src.core.product_counting_system - INFO - Completed System initialization in 6.901s
2025-10-05 19:58:00,240 - src.core.product_counting_system - INFO - Starting Loading system state
2025-10-05 19:58:00,240 - src.core.catalog_manager - INFO - Loaded catalog from results\catalog.json: 23 products
2025-10-05 19:58:00,240 - src.core.similarity_matcher - INFO - Loaded index from results\similarity_index.fiass: 46 products
2025-10-05 19:58:00,240 - src.core.embedding_extractor - INFO - Loaded extractor state from results\extractor_state.pkl
2025-10-05 19:58:00,240 - src.core.product_counting_system - INFO - Completed Loading system state in 0.000s
2025-10-05 19:58:00,240 - src.core.product_counting_system - INFO - System state loaded from results
2025-10-05 20:00:35,740 - root - INFO - Logging setup complete - Level: INFO
2025-10-05 20:00:35,747 - src.core.product_counting_system - INFO - Initializing Product Counting System...
2025-10-05 20:00:35,748 - src.core.product_counting_system - INFO - Starting System initialization
2025-10-05 20:00:35,749 - src.core.product_counting_system - INFO - Loading YOLO detector...
2025-10-05 20:00:35,750 - src.core.object_detector - INFO - Initiating YOLO detector: C:\Users\HP\Desktop\E-Vision-Projects\Merchandiser_Products_Counter\data\models\yolo_weights\yolov9.pt on cpu
2025-10-05 20:00:35,750 - src.core.object_detector - INFO - Starting Loading YOLO model C:\Users\HP\Desktop\E-Vision-Projects\Merchandiser_Products_Counter\data\models\yolo_weights\yolov9.pt
2025-10-05 20:00:36,077 - src.core.object_detector - INFO - Completed Loading YOLO model C:\Users\HP\Desktop\E-Vision-Projects\Merchandiser_Products_Counter\data\models\yolo_weights\yolov9.pt in 0.327s
2025-10-05 20:00:36,080 - src.core.object_detector - INFO - Loaded YOLO model successfully: {0: 'product'} classes
2025-10-05 20:00:36,080 - src.core.product_counting_system - INFO - Loading embedding extractor...
2025-10-05 20:00:36,082 - src.core.embedding_extractor - INFO - Initializing embedding extractor: facebook/dinov2-base with individual
2025-10-05 20:00:41,839 - src.core.embedding_extractor - INFO - Embedding model loaded: 768D embeddings
2025-10-05 20:00:41,839 - src.core.product_counting_system - INFO - Loading similarity matcher...
2025-10-05 20:00:41,840 - src.core.similarity_matcher - INFO - Initializing similarity matcher: IndexFlatIP for 768D embeddings
2025-10-05 20:00:41,840 - src.core.similarity_matcher - INFO - Created FAISS index: IndexFlatIP
2025-10-05 20:00:41,841 - src.core.product_counting_system - INFO - Initializing catalog manager...
2025-10-05 20:00:41,841 - src.core.catalog_manager - INFO - Initialized product catalog manager
2025-10-05 20:00:41,842 - src.core.product_counting_system - INFO - System initialization completed successfully
2025-10-05 20:00:41,843 - src.core.product_counting_system - INFO - Completed System initialization in 6.095s
2025-10-05 20:00:41,844 - src.core.product_counting_system - INFO - Starting Loading system state
2025-10-05 20:00:41,845 - src.core.catalog_manager - INFO - Loaded catalog from results\catalog.json: 23 products
2025-10-05 20:00:41,847 - src.core.similarity_matcher - INFO - Loaded index from results\similarity_index.fiass: 46 products
2025-10-05 20:00:41,848 - src.core.embedding_extractor - INFO - Loaded extractor state from results\extractor_state.pkl
2025-10-05 20:00:41,849 - src.core.product_counting_system - INFO - Completed Loading system state in 0.005s
2025-10-05 20:00:41,850 - src.core.product_counting_system - INFO - System state loaded from results
2025-10-05 20:01:24,106 - root - INFO - Logging setup complete - Level: INFO
2025-10-05 20:01:24,123 - src.core.product_counting_system - INFO - Initializing Product Counting System...
2025-10-05 20:01:24,123 - src.core.product_counting_system - INFO - Starting System initialization
2025-10-05 20:01:24,123 - src.core.product_counting_system - INFO - Loading YOLO detector...
2025-10-05 20:01:24,123 - src.core.object_detector - INFO - Initiating YOLO detector: C:\Users\HP\Desktop\E-Vision-Projects\Merchandiser_Products_Counter\data\models\yolo_weights\yolov9.pt on cpu
2025-10-05 20:01:24,123 - src.core.object_detector - INFO - Starting Loading YOLO model C:\Users\HP\Desktop\E-Vision-Projects\Merchandiser_Products_Counter\data\models\yolo_weights\yolov9.pt
2025-10-05 20:01:24,446 - src.core.object_detector - INFO - Completed Loading YOLO model C:\Users\HP\Desktop\E-Vision-Projects\Merchandiser_Products_Counter\data\models\yolo_weights\yolov9.pt in 0.323s
2025-10-05 20:01:24,448 - src.core.object_detector - INFO - Loaded YOLO model successfully: {0: 'product'} classes
2025-10-05 20:01:24,449 - src.core.product_counting_system - INFO - Loading embedding extractor...
2025-10-05 20:01:24,450 - src.core.embedding_extractor - INFO - Initializing embedding extractor: facebook/dinov2-base with individual
2025-10-05 20:01:30,657 - src.core.embedding_extractor - INFO - Embedding model loaded: 768D embeddings
2025-10-05 20:01:30,657 - src.core.product_counting_system - INFO - Loading similarity matcher...
2025-10-05 20:01:30,657 - src.core.similarity_matcher - INFO - Initializing similarity matcher: IndexFlatIP for 768D embeddings
2025-10-05 20:01:30,657 - src.core.similarity_matcher - INFO - Created FAISS index: IndexFlatIP
2025-10-05 20:01:30,657 - src.core.product_counting_system - INFO - Initializing catalog manager...
2025-10-05 20:01:30,657 - src.core.catalog_manager - INFO - Initialized product catalog manager
2025-10-05 20:01:30,657 - src.core.product_counting_system - INFO - System initialization completed successfully
2025-10-05 20:01:30,657 - src.core.product_counting_system - INFO - Completed System initialization in 6.534s
2025-10-05 20:01:30,657 - src.core.product_counting_system - INFO - Starting Loading system state
2025-10-05 20:01:30,657 - src.core.catalog_manager - INFO - Loaded catalog from results\catalog.json: 23 products
2025-10-05 20:01:30,657 - src.core.similarity_matcher - INFO - Loaded index from results\similarity_index.fiass: 46 products
2025-10-05 20:01:30,657 - src.core.embedding_extractor - INFO - Loaded extractor state from results\extractor_state.pkl
2025-10-05 20:01:30,657 - src.core.product_counting_system - INFO - Completed Loading system state in 0.000s
2025-10-05 20:01:30,657 - src.core.product_counting_system - INFO - System state loaded from results
2025-10-05 20:04:09,705 - root - INFO - Logging setup complete - Level: INFO
2025-10-05 20:04:09,721 - src.core.product_counting_system - INFO - Initializing Product Counting System...
2025-10-05 20:04:09,721 - src.core.product_counting_system - INFO - Starting System initialization
2025-10-05 20:04:09,721 - src.core.product_counting_system - INFO - Loading YOLO detector...
2025-10-05 20:04:09,721 - src.core.object_detector - INFO - Initiating YOLO detector: C:\Users\HP\Desktop\E-Vision-Projects\Merchandiser_Products_Counter\data\models\yolo_weights\yolov9.pt on cpu
2025-10-05 20:04:09,721 - src.core.object_detector - INFO - Starting Loading YOLO model C:\Users\HP\Desktop\E-Vision-Projects\Merchandiser_Products_Counter\data\models\yolo_weights\yolov9.pt
2025-10-05 20:04:10,072 - src.core.object_detector - INFO - Completed Loading YOLO model C:\Users\HP\Desktop\E-Vision-Projects\Merchandiser_Products_Counter\data\models\yolo_weights\yolov9.pt in 0.352s
2025-10-05 20:04:10,072 - src.core.object_detector - INFO - Loaded YOLO model successfully: {0: 'product'} classes
2025-10-05 20:04:10,072 - src.core.product_counting_system - INFO - Loading embedding extractor...
2025-10-05 20:04:10,072 - src.core.embedding_extractor - INFO - Initializing embedding extractor: facebook/dinov2-base with individual
2025-10-05 20:04:15,956 - src.core.embedding_extractor - INFO - Embedding model loaded: 768D embeddings
2025-10-05 20:04:15,956 - src.core.product_counting_system - INFO - Loading similarity matcher...
2025-10-05 20:04:15,956 - src.core.similarity_matcher - INFO - Initializing similarity matcher: IndexFlatIP for 768D embeddings
2025-10-05 20:04:15,956 - src.core.similarity_matcher - INFO - Created FAISS index: IndexFlatIP
2025-10-05 20:04:15,956 - src.core.product_counting_system - INFO - Initializing catalog manager...
2025-10-05 20:04:15,956 - src.core.catalog_manager - INFO - Initialized product catalog manager
2025-10-05 20:04:15,971 - src.core.product_counting_system - INFO - System initialization completed successfully
2025-10-05 20:04:15,971 - src.core.product_counting_system - INFO - Completed System initialization in 6.251s
2025-10-05 20:04:15,971 - src.core.product_counting_system - INFO - Starting Loading system state
2025-10-05 20:04:15,971 - src.core.catalog_manager - INFO - Loaded catalog from results\catalog.json: 23 products
2025-10-05 20:04:15,977 - src.core.similarity_matcher - INFO - Loaded index from results\similarity_index.fiass: 46 products
2025-10-05 20:04:15,977 - src.core.embedding_extractor - INFO - Loaded extractor state from results\extractor_state.pkl
2025-10-05 20:04:15,977 - src.core.product_counting_system - INFO - Completed Loading system state in 0.005s
2025-10-05 20:04:15,977 - src.core.product_counting_system - INFO - System state loaded from results
2025-10-05 20:05:12,090 - root - INFO - Logging setup complete - Level: INFO
2025-10-05 20:05:12,095 - src.core.product_counting_system - INFO - Initializing Product Counting System...
2025-10-05 20:05:12,095 - src.core.product_counting_system - INFO - Starting System initialization
2025-10-05 20:05:12,095 - src.core.product_counting_system - INFO - Loading YOLO detector...
2025-10-05 20:05:12,095 - src.core.object_detector - INFO - Initiating YOLO detector: C:\Users\HP\Desktop\E-Vision-Projects\Merchandiser_Products_Counter\data\models\yolo_weights\yolov9.pt on cpu
2025-10-05 20:05:12,095 - src.core.object_detector - INFO - Starting Loading YOLO model C:\Users\HP\Desktop\E-Vision-Projects\Merchandiser_Products_Counter\data\models\yolo_weights\yolov9.pt
2025-10-05 20:05:12,444 - src.core.object_detector - INFO - Completed Loading YOLO model C:\Users\HP\Desktop\E-Vision-Projects\Merchandiser_Products_Counter\data\models\yolo_weights\yolov9.pt in 0.350s
2025-10-05 20:05:12,444 - src.core.object_detector - INFO - Loaded YOLO model successfully: {0: 'product'} classes
2025-10-05 20:05:12,450 - src.core.product_counting_system - INFO - Loading embedding extractor...
2025-10-05 20:05:12,450 - src.core.embedding_extractor - INFO - Initializing embedding extractor: facebook/dinov2-base with individual
2025-10-05 20:05:19,543 - src.core.embedding_extractor - INFO - Embedding model loaded: 768D embeddings
2025-10-05 20:05:19,543 - src.core.product_counting_system - INFO - Loading similarity matcher...
2025-10-05 20:05:19,543 - src.core.similarity_matcher - INFO - Initializing similarity matcher: IndexFlatIP for 768D embeddings
2025-10-05 20:05:19,543 - src.core.similarity_matcher - INFO - Created FAISS index: IndexFlatIP
2025-10-05 20:05:19,543 - src.core.product_counting_system - INFO - Initializing catalog manager...
2025-10-05 20:05:19,543 - src.core.catalog_manager - INFO - Initialized product catalog manager
2025-10-05 20:05:19,543 - src.core.product_counting_system - INFO - System initialization completed successfully
2025-10-05 20:05:19,543 - src.core.product_counting_system - INFO - Completed System initialization in 7.448s
2025-10-05 20:05:19,559 - src.core.product_counting_system - INFO - Starting Loading system state
2025-10-05 20:05:19,562 - src.core.catalog_manager - INFO - Loaded catalog from results\catalog.json: 23 products
2025-10-05 20:05:19,562 - src.core.similarity_matcher - INFO - Loaded index from results\similarity_index.fiass: 46 products
2025-10-05 20:05:19,562 - src.core.embedding_extractor - INFO - Loaded extractor state from results\extractor_state.pkl
2025-10-05 20:05:19,562 - src.core.product_counting_system - INFO - Completed Loading system state in 0.003s
2025-10-05 20:05:19,562 - src.core.product_counting_system - INFO - System state loaded from results
2025-10-05 20:19:20,268 - root - INFO - Logging setup complete - Level: INFO
2025-10-05 20:19:20,280 - src.core.product_counting_system - INFO - Initializing Product Counting System...
2025-10-05 20:19:20,282 - src.core.product_counting_system - INFO - Starting System initialization
2025-10-05 20:19:20,283 - src.core.product_counting_system - INFO - Loading YOLO detector...
2025-10-05 20:19:20,283 - src.core.object_detector - INFO - Initiating YOLO detector: C:\Users\HP\Desktop\E-Vision-Projects\Merchandiser_Products_Counter\data\models\yolo_weights\yolov9.pt on cpu
2025-10-05 20:19:20,284 - src.core.object_detector - INFO - Starting Loading YOLO model C:\Users\HP\Desktop\E-Vision-Projects\Merchandiser_Products_Counter\data\models\yolo_weights\yolov9.pt
2025-10-05 20:19:20,615 - src.core.object_detector - INFO - Completed Loading YOLO model C:\Users\HP\Desktop\E-Vision-Projects\Merchandiser_Products_Counter\data\models\yolo_weights\yolov9.pt in 0.330s
2025-10-05 20:19:20,616 - src.core.object_detector - INFO - Loaded YOLO model successfully: {0: 'product'} classes
2025-10-05 20:19:20,616 - src.core.product_counting_system - INFO - Loading embedding extractor...
2025-10-05 20:19:20,616 - src.core.embedding_extractor - INFO - Initializing embedding extractor: facebook/dinov2-base with individual
2025-10-05 20:19:27,224 - src.core.embedding_extractor - INFO - Embedding model loaded: 768D embeddings
2025-10-05 20:19:27,224 - src.core.product_counting_system - INFO - Loading similarity matcher...
2025-10-05 20:19:27,224 - src.core.similarity_matcher - INFO - Initializing similarity matcher: IndexFlatIP for 768D embeddings
2025-10-05 20:19:27,224 - src.core.similarity_matcher - INFO - Created FAISS index: IndexFlatIP
2025-10-05 20:19:27,240 - src.core.product_counting_system - INFO - Initializing catalog manager...
2025-10-05 20:19:27,240 - src.core.catalog_manager - INFO - Initialized product catalog manager
2025-10-05 20:19:27,240 - src.core.product_counting_system - INFO - System initialization completed successfully
2025-10-05 20:19:27,240 - src.core.product_counting_system - INFO - Completed System initialization in 6.958s
2025-10-05 20:19:27,240 - src.core.product_counting_system - INFO - Starting Loading system state
2025-10-05 20:19:27,288 - src.core.catalog_manager - INFO - Loaded catalog from results\catalog.json: 24 products
2025-10-05 20:19:27,320 - src.core.similarity_matcher - INFO - Loaded index from results\similarity_index.fiass: 47 products
2025-10-05 20:19:27,336 - src.core.embedding_extractor - INFO - Loaded extractor state from results\extractor_state.pkl
2025-10-05 20:19:27,336 - src.core.product_counting_system - INFO - Completed Loading system state in 0.096s
2025-10-05 20:19:27,336 - src.core.product_counting_system - INFO - System state loaded from results
2025-10-05 20:20:15,556 - root - INFO - Logging setup complete - Level: INFO
2025-10-05 20:20:15,566 - src.core.product_counting_system - INFO - Initializing Product Counting System...
2025-10-05 20:20:15,566 - src.core.product_counting_system - INFO - Starting System initialization
2025-10-05 20:20:15,568 - src.core.product_counting_system - INFO - Loading YOLO detector...
2025-10-05 20:20:15,568 - src.core.object_detector - INFO - Initiating YOLO detector: C:\Users\HP\Desktop\E-Vision-Projects\Merchandiser_Products_Counter\data\models\yolo_weights\yolov9.pt on cpu
2025-10-05 20:20:15,569 - src.core.object_detector - INFO - Starting Loading YOLO model C:\Users\HP\Desktop\E-Vision-Projects\Merchandiser_Products_Counter\data\models\yolo_weights\yolov9.pt
2025-10-05 20:20:15,896 - src.core.object_detector - INFO - Completed Loading YOLO model C:\Users\HP\Desktop\E-Vision-Projects\Merchandiser_Products_Counter\data\models\yolo_weights\yolov9.pt in 0.327s
2025-10-05 20:20:15,897 - src.core.object_detector - INFO - Loaded YOLO model successfully: {0: 'product'} classes
2025-10-05 20:20:15,897 - src.core.product_counting_system - INFO - Loading embedding extractor...
2025-10-05 20:20:15,899 - src.core.embedding_extractor - INFO - Initializing embedding extractor: facebook/dinov2-base with individual
2025-10-05 20:20:21,633 - src.core.embedding_extractor - INFO - Embedding model loaded: 768D embeddings
2025-10-05 20:20:21,636 - src.core.product_counting_system - INFO - Loading similarity matcher...
2025-10-05 20:20:21,636 - src.core.similarity_matcher - INFO - Initializing similarity matcher: IndexFlatIP for 768D embeddings
2025-10-05 20:20:21,637 - src.core.similarity_matcher - INFO - Created FAISS index: IndexFlatIP
2025-10-05 20:20:21,637 - src.core.product_counting_system - INFO - Initializing catalog manager...
2025-10-05 20:20:21,638 - src.core.catalog_manager - INFO - Initialized product catalog manager
2025-10-05 20:20:21,638 - src.core.product_counting_system - INFO - System initialization completed successfully
2025-10-05 20:20:21,638 - src.core.product_counting_system - INFO - Completed System initialization in 6.072s
2025-10-05 20:20:21,639 - src.core.product_counting_system - INFO - Starting Loading system state
2025-10-05 20:20:21,642 - src.core.catalog_manager - INFO - Loaded catalog from results\catalog.json: 24 products
2025-10-05 20:20:21,644 - src.core.similarity_matcher - INFO - Loaded index from results\similarity_index.fiass: 47 products
2025-10-05 20:20:21,644 - src.core.embedding_extractor - INFO - Loaded extractor state from results\extractor_state.pkl
2025-10-05 20:20:21,644 - src.core.product_counting_system - INFO - Completed Loading system state in 0.005s
2025-10-05 20:20:21,644 - src.core.product_counting_system - INFO - System state loaded from results
